"","Row.names","shannon_index","simpson_index","PARENT.SAMPLE.ID","CLIENT.IDENTIFIER","AGE","COCAINE.USE","GENDER","ORIG.ORDER"
"1","S100.8123_S2",2.74111523198426,0.881384121976157,6208335,"S100/8123",51,"Non-User","female",1
"2","S101.8118_S3",2.9330330059744,0.912328240776383,6208336,"S101/8118",53,"Non-User","male",2
"3","S102.8145_S4",2.15617545396625,0.756039030716157,6208337,"S102/8145",38,"Non-User","male",3
"4","S103.8150_S5",3.05564427603031,0.926093327352007,6208338,"S103/8150",65,"Non-User","male",4
"5","S104.8162_S6",2.84090150228639,0.897982634545053,6208339,"S104/8162",50,"Non-User","female",5
"6","S105.8151_S7",1.74246248439464,0.635411261666139,6208340,"S105/8151",65,"Non-User","female",6
"7","S106.8079_S8",1.96473097695482,0.778890790618118,6208341,"S106/8079",39,"Non-User","male",7
"8","S107.8192_S9",1.50432873749004,0.617764903390991,6208342,"S107/8192",50,"Non-User","male",8
"9","S108.8103_S10",2.10399046551461,0.756173404166129,6208343,"S108/8103",53,"Non-User","female",9
"10","S109.8446_S11",3.05536937733622,0.917974538109939,6208344,"S109/8446",55,"Non-User","male",10
"11","S110.8096_S12",2.40223663415309,0.84878270963787,6208345,"S110/8096",54,"Non-User","male",11
"12","S111.8449_S13",2.68969916834057,0.888005701354442,6208346,"S111/8449",63,"Non-User","female",12
"13","S112.8459_S14",2.85892735990752,0.90545457350761,6208347,"S112/8459",62,"Non-User","female",13
"14","S113.8451_S15",2.57498773261209,0.799290807851258,6208348,"S113/8451",59,"User","male",14
"15","S114.8452_S16",2.35501549014843,0.764845726605156,6208349,"S114/8452",59,"User","male",15
"16","S115.8234_S17",2.61687990525303,0.869092652797148,6208350,"S115/8234",53,"Non-User","male",16
"17","S116.8209_S18",2.67301321876625,0.869775970717491,6208351,"S116/8209",58,"User","female",17
"18","S117.8026_S19",2.71281911431927,0.871812036372198,6208352,"S117/8026",57,"User","male",18
"19","S118.8490_S20",2.09770207191168,0.7545654364762,6208353,"S118/8490",57,"Non-User","female",19
"20","S119.8130_S21",1.94116746995807,0.700352468623801,6208354,"S119/8130",56,"User","male",20
"21","S120.8477_S22",3.34309184808474,0.95322918378626,6208355,"S120/8477",49,"Non-User","female",21
"22","S121.8264_S23",2.84291526094089,0.907454696109716,6208356,"S121/8264",52,"User","male",22
"23","S122.8134_S24",3.44034403736479,0.948477925495463,6208357,"S122/8134",62,"Non-User","male",23
"24","S123.8176_S25",2.66856845375275,0.873316363658626,6208358,"S123/8176",39,"Non-User","female",24
"25","S124.8224_S26",2.92590677891489,0.908066127263654,6208359,"S124/8220",65,"User","female",25
"26","S125.8210_S27",2.49315461450475,0.862962024006552,6208360,"S125/8210",57,"Non-User","female",26
"27","S126.8135_S28",3.28360806568275,0.939633355589056,6208361,"S126/8135",58,"User","male",27
"28","S127.8112_S29",2.74657948520927,0.884244969795859,6208362,"S127/8112",53,"Non-User","female",28
"29","S128.8202_S30",3.03699505701717,0.933957092042848,6208363,"S128/8202",63,"Non-User","male",29
"30","S129.8204_S31",1.5583376171282,0.568006394060609,6208364,"S129/8204",42,"Non-User","male",30
"31","S130.8507_S32",2.35065187081703,0.766814979872844,6208365,"S130/8507",57,"Non-User","male",31
"32","S131.8274_S33",2.42020107800751,0.800996811029287,6208366,"S131/8274",55,"Non-User","male",32
"33","S132.8297_S34",2.73829777125834,0.847461492986634,6208367,"S132/8297",54,"User","male",33
"34","S133.8222_S35",1.9095731466995,0.666850823993253,6208368,"S133/8222",53,"User","female",34
"35","S134.8546_S36",2.6396666578552,0.874594811919712,6208369,"S134/8546",65,"User","male",35
"36","S135.8381_S37",2.43307000691471,0.839249317799621,6208370,"S135/8381",51,"User","female",36
"37","S136.8391_S38",2.57077972229425,0.836990155352897,6208371,"S136/8391",53,"User","male",37
"38","S137.8574_S39",3.25912068527906,0.920816453602756,6208372,"S137/8574",53,"User","female",38
"39","S138.8047_S40",2.44188700796092,0.821325795117454,6208373,"S138/8047",52,"User","male",39
"40","S139.8583_S41",3.39451280308272,0.952000186250624,6208374,"S139/8583",59,"User","male",40
"41","S140.8013_S42",3.09381408222084,0.913372030062961,6208375,"S140/8013",58,"User","female",41
"42","S141.8080_S43",2.77848074070302,0.865585396837856,6208376,"S141/8080",66,"User","female",42
"43","S142.8621_S44",2.87823652898298,0.904661118663289,6208377,"S142/8621",49,"User","female",43
"44","S143.8071_S45",3.1199327288765,0.935516595320908,6208378,"S143/8071",47,"User","female",44
"45","S144.8417_S46",1.98450968087741,0.671232878232412,6208379,"S144/8417",55,"User","female",45
"46","S145.8371_S47",2.78997136210201,0.86920668973716,6208380,"S145/8371",58,"User","male",46
"47","S146.8430_S48",2.80911404512129,0.894168807373915,6208381,"S146/8430",56,"User","male",47
"48","S147.8369_S49",3.17480878755031,0.922295498009603,6208382,"S147/8639",51,"User","male",48
"49","S148.8242_S50",1.87763241250554,0.693448661582651,6208383,"S148/8242",60,"User","male",49
"50","S149.8312_S51",2.67824611178674,0.864871945007942,6208384,"S149/8312",61,"Non-User","male",50
